// Jest Snapshot v1, https://goo.gl/fbAQLP

exports[`Tests of <LoadingList /> component Should display loading animation (Snapshot) 1`] = `
<div>
  <div
    class="text-center p-5"
  >
    <div
      class="spinner-border"
      role="status"
    >
      <span
        class="visually-hidden"
      >
        Loading...
      </span>
    </div>
  </div>
</div>
`;
