// Jest Snapshot v1, https://goo.gl/fbAQLP

exports[`Test <PokeSkel/> component Should render a card with a placeholder (Snapshot) 1`] = `
<div>
  <div
    class="card mb-3"
  >
    <div
      class="row g-0"
    >
      <div
        class="col-md-3 d-flex justify-content-center align-items-center"
      >
        <div
          class="spinner-border"
          id="bigSpinner"
          role="status"
        >
          <span
            class="visually-hidden"
          >
            Loading...
          </span>
        </div>
      </div>
      <div
        class="col-md-9"
      >
        <div
          class="card-body"
        >
          <p
            class="card-text placeholder-glow"
          >
            <span
              class="placeholder col-7"
            />
            <span
              class="placeholder col-4"
            />
            <span
              class="placeholder col-4"
            />
            <span
              class="placeholder col-6"
            />
            <span
              class="placeholder col-8"
            />
          </p>
        </div>
      </div>
    </div>
  </div>
</div>
`;
