// Jest Snapshot v1, https://goo.gl/fbAQLP

exports[`Tests of <PokeTypes/> component Should render no types if no types are specified in props 1`] = `
<div>
  <div
    class="d-flex justify-content-center gap-2 my-2"
  />
</div>
`;
