// Jest Snapshot v1, https://goo.gl/fbAQLP

exports[`Tests of <PokeInfo /> component Should match with snapshot 1`] = `
<div>
  <div
    class="card mb-3"
  >
    <div
      class="row g-0"
    >
      <div
        class="col-md-3 d-flex justify-content-center"
      >
        <img
          alt="charmander"
          class="img-fluid rounded-start"
          src="https://testurl.com/"
        />
      </div>
      <div
        class="col-md-9"
      >
        <div
          class="card-body d-flex flex-column justify-content-center"
        >
          <h5
            class="card-title text-center text-capitalize"
          >
            charmander
          </h5>
          <div
            class="d-flex justify-content-center gap-2 my-2"
          />
          <button
            class="btn btn-primary"
          >
            Ver m√°s
          </button>
        </div>
      </div>
    </div>
  </div>
</div>
`;
